[vsdc.creatorlink.net/index.html]
[vsdc.creatorlink.net/INFORMATION.html]
[vsdc.creatorlink.net/History.html]
[vsdc.creatorlink.net/Mandate.html]
[vsdc.creatorlink.net/STUDENT.html]
[vsdc.creatorlink.net/In-the-center.html]
[vsdc.creatorlink.net/In-the-outskirts.html]
[vsdc.creatorlink.net/NEWSㆍMEDIA.html]
[vsdc.creatorlink.net/SUPPORT.html]
[backblue.gif]
[fade.gif]
[index.html]
[vsdc.creatorlink.net/css/coloris.1750651644.css]
[vsdc.creatorlink.net/css/bootstrap.1745370837.css]
[vsdc.creatorlink.net/css/font-awesome.min.css]
[vsdc.creatorlink.net/css/cl_icons6b08.css]
[vsdc.creatorlink.net/css/blueimp-gallery.1750651644.css]
[vsdc.creatorlink.net/css/keyframe.1692755555.css]
[vsdc.creatorlink.net/css/forum.1754285252.css]
[vsdc.creatorlink.net/css/common.1758518212.css]
[vsdc.creatorlink.net/css/bootstrap-select.1661918750.css]
[cdn.jsdelivr.net/npm/fullcalendar@6.1.11/index.global.min.11.delayed]
[ajax.googleapis.com/ajax/libs/jquery/1.11.2/jquery.min.js]
[ajax.googleapis.com/ajax/libs/jqueryui/1.10.4/jquery-ui.min.js]
[cdn.lightwidget.com/widgets/lightwidget.js]
[vsdc.creatorlink.net/js/output.161128.min.js]
[vsdc.creatorlink.net/js/block/common.1758592482.js]
[vsdc.creatorlink.net/js/block/index.global.min.1757573415.js]
[vsdc.creatorlink.net/js/common.1758697514.js]
[vsdc.creatorlink.net/js/module/ModalPlugin.1758693868.js]
[vsdc.creatorlink.net/js/lang.1758697514.js]
[vsdc.creatorlink.net/js/robots.1757390660.js]
[t1.kakaocdn.net/kakao_js_sdk/2.6.0/kakao.min.js]
[vsdc.creatorlink.net/js/bootstrap-select.1631076146.js]
[vsdc.creatorlink.net/js/coloris.1745370837.js]
[vsdc.creatorlink.net/css/bootstrap.slider.css]
[vsdc.creatorlink.net/js/bootstrap.slider.js]
[vsdc.creatorlink.net/css/bootstrap-override.1757482930.css]
[vsdc.creatorlink.net/css/cl_shopping.1756188110.css]
[vsdc.creatorlink.net/css/aos.1622184802.css]
[vsdc.creatorlink.net/css/block/menu.1750826555.css]
[vsdc.creatorlink.net/css/block_gallery.1758774412.css]
[vsdc.creatorlink.net/css/block/gallery.1750651644.css]
[vsdc.creatorlink.net/js/swiper/css/swiper.min.css]
[vsdc.creatorlink.net/css/calendar.1758260771.css]
[vsdc.creatorlink.net/css/bootstrap-datetimepicker.css]
[unpkg.com/aos@2.3.1/dist/aos.js]
[vsdc.creatorlink.net/js/history.1622184802.js]
[vsdc.creatorlink.net/js/pace.1622184802.js]
[vsdc.creatorlink.net/js/flickity-2.3.0.pkgd.min.1663115097.js]
[vsdc.creatorlink.net/js/jquery.fileupload.js]
[vsdc.creatorlink.net/js/jplayer.1692755555.js]
[vsdc.creatorlink.net/js/playlists.1622184802.js]
[vsdc.creatorlink.net/js/jquery_fitvids.1753922874.js]
[vsdc.creatorlink.net/js/jquery.scrollto.js]
[vsdc.creatorlink.net/js/imagesloaded.pkgd.min.js]
[vsdc.creatorlink.net/js/masonry.pkgd.min.js]
[vsdc.creatorlink.net/js/jquery.cssjson.js]
[vsdc.creatorlink.net/js/jquery-blueimp-gallery-min.1711612733.js]
[vsdc.creatorlink.net/js/render.1758691230.js]
[vsdc.creatorlink.net/js/style.1757573415.js]
[vsdc.creatorlink.net/js/member_config.1758693868.js]
[vsdc.creatorlink.net/js/block/menu.1754027523.js]
[vsdc.creatorlink.net/js/block/gallery.1750651644.js]
[vsdc.creatorlink.net/js/block/gallery_fixedscroll.1731456694.js]
[vsdc.creatorlink.net/js/block/swiper-bundle.min.1692755555.js]
[vsdc.creatorlink.net/js/moment-with-locales.min.js]
[vsdc.creatorlink.net/js/bootstrap-datetimepicker.min.js]
[vsdc.creatorlink.net/js/slick.1.8.1.min.js]
[vsdc.creatorlink.net/js/block/slick.1750651644.js]
[vsdc.creatorlink.net/js/block/TweenMax.min.js]
[vsdc.creatorlink.net/js/block/draggabilly.pkgd.min.js]
[vsdc.creatorlink.net/js/block/gallery_touchslider.1731456694.js]
[vsdc.creatorlink.net/js/module/forms.1753946139.js]
[vsdc.creatorlink.net/js/module/datepicker.js]
[vsdc.creatorlink.net/css/datepicker.css]
[vsdc.creatorlink.net/js/datepickk/datepickk.js]
[vsdc.creatorlink.net/css/datepickk.css]
[storage.googleapis.com/i.addblock.net/sample/showcase_42_2.jpg]
[storage.googleapis.com/i.addblock.net/sample/showcase_42_3.jpg]
[storage.googleapis.com/i.addblock.net/sample/sns_icon22_3.png]
[vsdc.creatorlink.net/index.html]
[vsdc.creatorlink.net/css/forum.1754285267.css]
[vsdc.creatorlink.net/css/bootstrap.1745370827.css]
[vsdc.creatorlink.net/js/block/index.global.min.1757573416.js]
[vsdc.creatorlink.net/css/common.1758518216.css]
[vsdc.creatorlink.net/js/common.1758697513.js]
[vsdc.creatorlink.net/js/module/ModalPlugin.1758693867.js]
[vsdc.creatorlink.net/js/lang.1758697513.js]
[vsdc.creatorlink.net/js/coloris.1745370827.js]
[vsdc.creatorlink.net/css/cl_shopping.1756188117.css]
[vsdc.creatorlink.net/css/block_gallery.1758774414.css]
[vsdc.creatorlink.net/js/jquery_fitvids.1753922875.js]
[vsdc.creatorlink.net/js/render.1758691231.js]
[vsdc.creatorlink.net/js/style.1757573416.js]
[vsdc.creatorlink.net/js/member_config.1758693867.js]
[vsdc.creatorlink.net/js/block/menu.1754027524.js]
[storage.googleapis.com/i.addblock.net/sample/newtpl06/03_01.jpg]
[storage.googleapis.com/i.addblock.net/sample/newtpl06/02_02.png]
[storage.googleapis.com/i.addblock.net/sample/newtpl06/02_03.png]
[storage.googleapis.com/i.addblock.net/sample/newtpl06/02_05.png]
[vsdc.creatorlink.net/INFORMATION.html]
[storage.googleapis.com/i.addblock.net/sample/newtpl06/02_01.jpg]
[vsdc.creatorlink.net/History.html]
[storage.googleapis.com/i.addblock.net/sample/contents_138_1.png]
[storage.googleapis.com/i.addblock.net/sample/contents_138_3.png]
[storage.googleapis.com/i.addblock.net/sample/contents_138_2.png]
[storage.googleapis.com/i.addblock.net/sample/content_image_68_1.png]
[storage.googleapis.com/i.addblock.net/sample/content_image_68_2.png]
[storage.googleapis.com/i.addblock.net/sample/content_image_68_3.png]
[vsdc.creatorlink.net/Mandate.html]
[vsdc.creatorlink.net/css/bootstrap.1745370847.css]
[vsdc.creatorlink.net/css/forum.1754285223.css]
[vsdc.creatorlink.net/css/common.1758518204.css]
[vsdc.creatorlink.net/js/coloris.1745370847.js]
[vsdc.creatorlink.net/css/bootstrap-override.1757482929.css]
[vsdc.creatorlink.net/css/cl_shopping.1756188099.css]
[vsdc.creatorlink.net/css/block_gallery.1758774410.css]
[vsdc.creatorlink.net/js/render.1758691219.js]
[vsdc.creatorlink.net/STUDENT.html]
[vsdc.creatorlink.net/js/module/forms.1753946140.js]
[vsdc.creatorlink.net/css/bootstrap.1745372263.css]
[vsdc.creatorlink.net/css/forum.1754285271.css]
[vsdc.creatorlink.net/css/common.1758518218.css]
[vsdc.creatorlink.net/js/coloris.1745372263.js]
[vsdc.creatorlink.net/css/cl_shopping.1756188124.css]
[vsdc.creatorlink.net/css/block/menu.1750826556.css]
[vsdc.creatorlink.net/css/block_gallery.1758774416.css]
[vsdc.creatorlink.net/js/jquery_fitvids.1753927902.js]
[vsdc.creatorlink.net/js/render.1758691235.js]
[vsdc.creatorlink.net/js/block/gallery_fixedscroll.1731457539.js]
[vsdc.creatorlink.net/In-the-center.html]
[vsdc.creatorlink.net/In-the-outskirts.html]
[vsdc.creatorlink.net/js/block/gallery_touchslider.1731457539.js]
[storage.googleapis.com/i.addblock.net/sample/newtpl06/05_01.jpg]
[storage.googleapis.com/i.addblock.net/sample/newtpl06/05_02edit3.png]
[storage.googleapis.com/i.addblock.net/sample/newtpl06/05_03.jpg]
[storage.googleapis.com/i.addblock.net/sample/newtpl06/05_04.jpg]
[storage.googleapis.com/i.addblock.net/sample/newtpl06/05_05.jpg]
[storage.googleapis.com/i.addblock.net/sample/newtpl06/05_06.jpg]
[storage.googleapis.com/i.addblock.net/sample/newtpl06/05_07.jpg]
[vsdc.creatorlink.net/NEWSㆍMEDIA.html]
[storage.googleapis.com/i.addblock.net/sample/newtpl06/04_01.jpg]
[vsdc.creatorlink.net/SUPPORT.html]
[vsdc.creatorlink.net/css/coloris.1750651644.css]
[vsdc.creatorlink.net/fonts/glyphicons-halflings-regular.eot]
[vsdc.creatorlink.net/fonts/glyphicons-halflings-regulard41d.eot]
[vsdc.creatorlink.net/fonts/glyphicons-halflings-regular.woff]
[vsdc.creatorlink.net/fonts/glyphicons-halflings-regular.ttf]
[vsdc.creatorlink.net/css/bootstrap.1745370837.css]
[vsdc.creatorlink.net/fonts/fontawesome-webfont93e3.eot]
[vsdc.creatorlink.net/fonts/fontawesome-webfontd41d.eot]
[vsdc.creatorlink.net/fonts/fontawesome-webfont93e3.woff]
[vsdc.creatorlink.net/fonts/fontawesome-webfont93e3.ttf]
[vsdc.creatorlink.net/css/font-awesome.min.css]
[vsdc.creatorlink.net/css/cl_icons6b08.css]
[storage.googleapis.com/i.addblock.net/loading.gif]
[storage.googleapis.com/i.addblock.net/error.png]
[storage.googleapis.com/i.addblock.net/video-play.png]
[vsdc.creatorlink.net/css/blueimp-gallery.1750651644.css]
[vsdc.creatorlink.net/css/keyframe.1692755555.css]
[storage.googleapis.com/i.addblock.net/icon/icon-reply.gif]
[storage.googleapis.com/i.addblock.net/hr-dash-bg.png]
[vsdc.creatorlink.net/css/forum.1754285252.css]
[gcore.jsdelivr.net/gh/orioncactus/pretendard@v1.3.5/dist/web/static/pretendard.css]
[storage.googleapis.com/i.addblock.net/preloader2.gif]
[storage.googleapis.com/i.addblock.net/back.jpg]
[storage.googleapis.com/i.addblock.net/checkbox-off.png]
[storage.googleapis.com/i.addblock.net/checkbox-on.png]
[storage.googleapis.com/i.addblock.net/working.gif]
[storage.googleapis.com/i.addblock.net/shopping_event/sh_page_banner_pc.png]
[storage.googleapis.com/i.addblock.net/sm_topbanner_educ4ca.png]
[storage.googleapis.com/i.addblock.net/sm_topbanner_shopc4ca.png]
[storage.googleapis.com/i.addblock.net/modoo_banner.png]
[storage.googleapis.com/i.addblock.net/sm_topbanner_edu_mc4ca.png]
[storage.googleapis.com/i.addblock.net/sm_topbanner_shop_mc4ca.png]
[storage.googleapis.com/i.addblock.net/shopping_event/sh_page_banner_m.png]
[vsdc.creatorlink.net/css/common.1758518212.css]
[vsdc.creatorlink.net/css/bootstrap-select.1661918750.css]
[cdn.jsdelivr.net/npm/fullcalendar@6.1.11/index.global.min.css]
[vsdc.creatorlink.net/css/bootstrap.slider.css]
[vsdc.creatorlink.net/css/bootstrap-override.1757482930.css]
[storage.googleapis.com/i.addblock.net/shopping_mall/cl_icon_star_off.png]
[storage.googleapis.com/i.addblock.net/shopping_mall/cl_icon_star_on.png]
[vsdc.creatorlink.net/css/cl_shopping.1756188110.css]
[vsdc.creatorlink.net/css/aos.1622184802.css]
[storage.googleapis.com/i.addblock.net/flag/flag_ko_rec.png]
[storage.googleapis.com/i.addblock.net/flag/flag_ko_cir.png]
[storage.googleapis.com/i.addblock.net/sample/clnav_icon_thumb.png]
[vsdc.creatorlink.net/css/block/menu.1750826555.css]
[vsdc.creatorlink.net/css/block_gallery.1758774412.css]
[vsdc.creatorlink.net/css/block/gallery.1750651644.css]
[vsdc.creatorlink.net/js/swiper/css/swiper.min.css]
[vsdc.creatorlink.net/css/calendar.1758260771.css]
[vsdc.creatorlink.net/css/bootstrap-datetimepicker.css]
[vsdc.creatorlink.net/css/datepicker.css]
[vsdc.creatorlink.net/css/datepickk.css]
[vsdc.creatorlink.net/config.html]
[vsdc.creatorlink.net/css/bootstrap.1745370827.css]
[vsdc.creatorlink.net/css/forum.1754285267.css]
[vsdc.creatorlink.net/css/common.1758518216.css]
[vsdc.creatorlink.net/css/cl_shopping.1756188117.css]
[vsdc.creatorlink.net/css/block_gallery.1758774414.css]
[vsdc.creatorlink.net/css/bootstrap.1745370847.css]
[vsdc.creatorlink.net/css/forum.1754285223.css]
[vsdc.creatorlink.net/css/common.1758518204.css]
[vsdc.creatorlink.net/css/bootstrap-override.1757482929.css]
[vsdc.creatorlink.net/css/cl_shopping.1756188099.css]
[vsdc.creatorlink.net/css/block_gallery.1758774410.css]
[vsdc.creatorlink.net/css/bootstrap.1745372263.css]
[vsdc.creatorlink.net/css/forum.1754285271.css]
[vsdc.creatorlink.net/css/common.1758518218.css]
[vsdc.creatorlink.net/css/cl_shopping.1756188124.css]
[vsdc.creatorlink.net/css/block/menu.1750826556.css]
[vsdc.creatorlink.net/css/block_gallery.1758774416.css]
[vsdc.creatorlink.net/fonts/glyphicons-halflings-regular.svg]
[vsdc.creatorlink.net/fonts/fontawesome-webfont93e3.svg]
[gcore.jsdelivr.net/gh/orioncactus/pretendard@v1.3.5/dist/web/static/pretendard.css]
